ident if39
num 58
ident or
num 58
if
ident thend
ident returnot
