num 16
num 272
num 26
num 31
num 0
num 10
num 1
num 0
